<html>
<body>
<pre>
<h1>µVision Build Log</h1>
<h2>Tool Versions:</h2>
IDE-Version: ÂµVision V5.24.2.0
Copyright (C) 2017 ARM Ltd and ARM Germany GmbH. All rights reserved.
License Information: Huan Huan, Huan, LIC=21E4T-R4LVS-TG37T-RIXR3-QX6R3-DQUM5
 
Tool Versions:
Toolchain:       MDK-ARM Plus  Version: 5.24.1
Toolchain Path:  E:\Keil5 MDK\ARM\ARMCC\Bin
C Compiler:      Armcc.exe V5.06 update 5 (build 528)
Assembler:       Armasm.exe V5.06 update 5 (build 528)
Linker/Locator:  ArmLink.exe V5.06 update 5 (build 528)
Library Manager: ArmAr.exe V5.06 update 5 (build 528)
Hex Converter:   FromElf.exe V5.06 update 5 (build 528)
CPU DLL:         SARMCM3.DLL V5.24.1
Dialog DLL:      DCM.DLL V1.16.0.0
Target DLL:      CMSIS_AGDI.dll V1.28.3.0
Dialog DLL:      TCM.DLL V1.32.0.0
 
<h2>Project:</h2>
E:\5#C++\AUX\USER\XRC-AUX.uvprojx
Project File Date:  01/25/2025

<h2>Output:</h2>
*** Using Compiler 'V5.06 update 5 (build 528)', folder: 'E:\Keil5 MDK\ARM\ARMCC\Bin'
Rebuild target 'XRC-AUX'
compiling sbus.c...
compiling output.c...
compiling channel.c...
compiling crsf.c...
compiling data.c...
compiling input.c...
compiling tool.c...
compiling setup.c...
compiling ppm.c...
compiling Xui.c...
compiling main.c...
compiling system.c...
compiling triangle.c...
compiling usart3.c...
compiling spi.c...
compiling model.c...
compiling timer.c...
compiling dma.c...
compiling delay.c...
compiling hud2.c...
compiling hud.c...
compiling stmflash.c...
compiling adc.c...
compiling ips.c...
compiling mavlink.c...
compiling gpio.c...
assembling startup_stm32f10x_hd.s...
compiling pwm.c...
compiling mpu6050.c...
compiling stm32f10x_it.c...
compiling system_stm32f10x.c...
compiling usart.c...
compiling misc.c...
compiling stm32f10x_gpio.c...
compiling core_cm3.c...
compiling stm32f10x_spi.c...
compiling sys.c...
compiling stm32f10x_usart.c...
compiling stm32f10x_adc.c...
compiling stm32f10x_dma.c...
compiling stm32f10x_flash.c...
compiling stm32f10x_tim.c...
compiling stm32f10x_rcc.c...
compiling usb_hw.c...
compiling usbdesc.c...
compiling usbcore.c...
compiling usbuser.c...
compiling mavlink_usart_fifo.c...
compiling open_tel_mavlink.c...
compiling usb.c...
compiling mixer.c...
compiling desk.c...
compiling logic.c...
linking...
Program Size: Code=122720 RO-data=25540 RW-data=900 ZI-data=19460  
FromELF: creating hex file...
"..\OBJ\XRC-AUX.axf" - 0 Error(s), 0 Warning(s).

<h2>Software Packages used:</h2>

Package Vendor: Keil
                http://www.keil.com/pack/Keil.STM32F1xx_DFP.2.2.0.pack
                Keil.STM32F1xx_DFP.2.2.0
                STMicroelectronics STM32F1 Series Device Support, Drivers and Examples

<h2>Collection of Component include folders:</h2>
  .\RTE\_XRC-AUX
  E:\Keil5 MDK\ARM\PACK\Keil\STM32F1xx_DFP\2.2.0\Device\Include

<h2>Collection of Component Files used:</h2>
Build Time Elapsed:  00:00:44
</pre>
</body>
</html>
