Component: ARM Compiler 5.06 update 5 (build 528) Tool: armlink [4d35e2]

==============================================================================

Image Symbol Table

    Local Symbols

    Symbol Name                              Value     Ov Type        Size  Object(Section)

    ../clib/../cmprslib/zerorunl2.c          0x00000000   Number         0  __dczerorl2.o ABSOLUTE
    ../clib/microlib/ctype/ctype.c           0x00000000   Number         0  ctype_c.o ABSOLUTE
    ../clib/microlib/ctype/ctype.c           0x00000000   Number         0  isspace_c.o ABSOLUTE
    ../clib/microlib/division.c              0x00000000   Number         0  uldiv.o ABSOLUTE
    ../clib/microlib/division.c              0x00000000   Number         0  uidiv.o ABSOLUTE
    ../clib/microlib/errno.c                 0x00000000   Number         0  errno.o ABSOLUTE
    ../clib/microlib/init/entry.s            0x00000000   Number         0  entry.o ABSOLUTE
    ../clib/microlib/init/entry.s            0x00000000   Number         0  entry10b.o ABSOLUTE
    ../clib/microlib/init/entry.s            0x00000000   Number         0  entry11a.o ABSOLUTE
    ../clib/microlib/init/entry.s            0x00000000   Number         0  entry7a.o ABSOLUTE
    ../clib/microlib/init/entry.s            0x00000000   Number         0  entry11b.o ABSOLUTE
    ../clib/microlib/init/entry.s            0x00000000   Number         0  entry5.o ABSOLUTE
    ../clib/microlib/init/entry.s            0x00000000   Number         0  entry9a.o ABSOLUTE
    ../clib/microlib/init/entry.s            0x00000000   Number         0  entry8a.o ABSOLUTE
    ../clib/microlib/init/entry.s            0x00000000   Number         0  entry2.o ABSOLUTE
    ../clib/microlib/init/entry.s            0x00000000   Number         0  entry8b.o ABSOLUTE
    ../clib/microlib/init/entry.s            0x00000000   Number         0  entry9b.o ABSOLUTE
    ../clib/microlib/init/entry.s            0x00000000   Number         0  entry10a.o ABSOLUTE
    ../clib/microlib/init/entry.s            0x00000000   Number         0  entry7b.o ABSOLUTE
    ../clib/microlib/longlong.c              0x00000000   Number         0  llushr.o ABSOLUTE
    ../clib/microlib/longlong.c              0x00000000   Number         0  llsshr.o ABSOLUTE
    ../clib/microlib/longlong.c              0x00000000   Number         0  llshl.o ABSOLUTE
    ../clib/microlib/printf/printf.c         0x00000000   Number         0  printf8.o ABSOLUTE
    ../clib/microlib/printf/printf.c         0x00000000   Number         0  printfb.o ABSOLUTE
    ../clib/microlib/printf/printf.c         0x00000000   Number         0  printf2.o ABSOLUTE
    ../clib/microlib/printf/printf.c         0x00000000   Number         0  printf5.o ABSOLUTE
    ../clib/microlib/printf/printf.c         0x00000000   Number         0  printf6.o ABSOLUTE
    ../clib/microlib/printf/printf.c         0x00000000   Number         0  printf4.o ABSOLUTE
    ../clib/microlib/printf/printf.c         0x00000000   Number         0  printf7.o ABSOLUTE
    ../clib/microlib/printf/printf.c         0x00000000   Number         0  printf3.o ABSOLUTE
    ../clib/microlib/printf/printf.c         0x00000000   Number         0  printfa.o ABSOLUTE
    ../clib/microlib/printf/printf.c         0x00000000   Number         0  printf1.o ABSOLUTE
    ../clib/microlib/printf/printf.c         0x00000000   Number         0  printf0.o ABSOLUTE
    ../clib/microlib/printf/stubs.s          0x00000000   Number         0  stubs.o ABSOLUTE
    ../clib/microlib/string/memcpy.c         0x00000000   Number         0  memcpya.o ABSOLUTE
    ../clib/microlib/string/memcpy.c         0x00000000   Number         0  memcpyb.o ABSOLUTE
    ../clib/microlib/string/memset.c         0x00000000   Number         0  memseta.o ABSOLUTE
    ../clib/microlib/string/strcpy.c         0x00000000   Number         0  strcpy.o ABSOLUTE
    ../clib/microlib/string/strlen.c         0x00000000   Number         0  strlen.o ABSOLUTE
    ../clib/microlib/stubs.s                 0x00000000   Number         0  iusefp.o ABSOLUTE
    ../clib/microlib/stubs.s                 0x00000000   Number         0  useno.o ABSOLUTE
    ../clib/scanf.c                          0x00000000   Number         0  scanf_char.o ABSOLUTE
    ../clib/scanf.c                          0x00000000   Number         0  _sgetc.o ABSOLUTE
    ../clib/scanf.c                          0x00000000   Number         0  scanf_fp.o ABSOLUTE
    ../clib/scanf.c                          0x00000000   Number         0  __0sscanf.o ABSOLUTE
    ../clib/scanf.c                          0x00000000   Number         0  _scanf.o ABSOLUTE
    ../fplib/microlib/d2f.c                  0x00000000   Number         0  d2f.o ABSOLUTE
    ../fplib/microlib/f2d.c                  0x00000000   Number         0  f2d.o ABSOLUTE
    ../fplib/microlib/fpadd.c                0x00000000   Number         0  dadd.o ABSOLUTE
[...]
    mavlink_data1                            0x0801012d   Thumb Code   574  mavlink.o(.text)
    mavlink_data2                            0x0801036b   Thumb Code   706  mavlink.o(.text)
    mavlink_data3                            0x0801062d   Thumb Code   458  mavlink.o(.text)
    mavlink_data4                            0x080107f7   Thumb Code   616  mavlink.o(.text)
    mavlink_test                             0x08010a5f   Thumb Code    80  mavlink.o(.text)
    hud_data_prepare                         0x08010aaf   Thumb Code  1268  mavlink.o(.text)
    XUI_yaw                                  0x08010fd9   Thumb Code   414  hud.o(.text)
    XUI_speed                                0x08011177   Thumb Code   390  hud.o(.text)
    XUI_alt                                  0x080112fd   Thumb Code   472  hud.o(.text)
    XUI_line_roll0                           0x080114d5   Thumb Code  1610  hud.o(.text)
    XUI_line_roll                            0x08011b1f   Thumb Code  1660  hud.o(.text)
    XUI_roll                                 0x0801219b   Thumb Code   200  hud.o(.text)
    XUI_ground                               0x08012263   Thumb Code   872  hud.o(.text)
    XUI_pitch                                0x080125cb   Thumb Code   310  hud.o(.text)
    hud                                      0x08012701   Thumb Code   672  hud.o(.text)
    hud2                                     0x080129a1   Thumb Code   798  hud.o(.text)
    XUI_line_l2                              0x08012cbf   Thumb Code    66  hud.o(.text)
    XUI_ground2                              0x08012d01   Thumb Code   884  hud.o(.text)
    distance                                 0x08013075   Thumb Code    50  hud2.o(.text)
    XUI_line_roll_circle                     0x080130a7   Thumb Code   634  hud2.o(.text)
    XUI_roll_circle                          0x08013321   Thumb Code   200  hud2.o(.text)
    XUI_pitch_circle                         0x080133e9   Thumb Code   344  hud2.o(.text)
    XUI_ground_circle                        0x08013541   Thumb Code   940  hud2.o(.text)
    draw_yaw                                 0x080138ed   Thumb Code  2378  hud2.o(.text)
    draw_attitude                            0x08014237   Thumb Code   344  hud2.o(.text)
    hud3                                     0x0801438f   Thumb Code   400  hud2.o(.text)
    usart3_init                              0x08014595   Thumb Code   164  usart3.o(.text)
    usart2_init                              0x08014639   Thumb Code   162  usart3.o(.text)
    SPI2_Init                                0x080146ed   Thumb Code   134  spi.o(.text)
    TIM3_Int_Init                            0x0801477d   Thumb Code    82  timer.o(.text)
    TIM2_Int_Init                            0x080147cf   Thumb Code    82  timer.o(.text)
    TIM1_Int_Init                            0x08014821   Thumb Code    82  timer.o(.text)
    delay_init                               0x0801487d   Thumb Code    50  delay.o(.text)
    delay_us                                 0x080148af   Thumb Code    72  delay.o(.text)
    delay_ms                                 0x080148f7   Thumb Code    72  delay.o(.text)
    STMFLASH_ReadHalfWord                    0x08014951   Thumb Code     6  stmflash.o(.text)
    STMFLASH_Write_NoCheck                   0x08014957   Thumb Code    38  stmflash.o(.text)
    STMFLASH_Read                            0x0801497d   Thumb Code    34  stmflash.o(.text)
    STMFLASH_Write                           0x0801499f   Thumb Code   230  stmflash.o(.text)
    Test_Write                               0x08014a85   Thumb Code    16  stmflash.o(.text)
    Read_StmflashData                        0x08014a95   Thumb Code    28  stmflash.o(.text)
    Adc_Init                                 0x08014ab5   Thumb Code   146  adc.o(.text)
    Get_Adc                                  0x08014b47   Thumb Code    46  adc.o(.text)
    delay                                    0x08014b81   Thumb Code    12  ips.o(.text)
    LCD_GPIO_Init                            0x08014b8d   Thumb Code    56  ips.o(.text)
    FLASH_SPI_ReadWriteByte                  0x08014bc5   Thumb Code    54  ips.o(.text)
    LCD_Writ_Bus                             0x08014bfb   Thumb Code    54  ips.o(.text)
    LCD_WR_DATA8                             0x08014c31   Thumb Code    12  ips.o(.text)
    LCD_WR_DATA                              0x08014c3d   Thumb Code    18  ips.o(.text)
    LCD_WR_REG                               0x08014c4f   Thumb Code    32  ips.o(.text)
    LCD_Address_Set                          0x08014c6f   Thumb Code    70  ips.o(.text)
    LCD_dir                                  0x08014cb5   Thumb Code    50  ips.o(.text)
    LCD_Init                                 0x08014ce7   Thumb Code   578  ips.o(.text)
    Gpio_Init                                0x08014f45   Thumb Code   110  gpio.o(.text)
    beep_queue_regedit                       0x08014fc5   Thumb Code    40  pwm.o(.text)
    BEEP_Init                                0x08014fed   Thumb Code   140  pwm.o(.text)
    beep                                     0x08015079   Thumb Code   140  pwm.o(.text)
    beep_queue_operation                     0x08015105   Thumb Code    96  pwm.o(.text)
    beep_positive                            0x08015165   Thumb Code    32  pwm.o(.text)
    beep_negative                            0x08015185   Thumb Code    32  pwm.o(.text)
    backlight                                0x080151a5   Thumb Code    18  pwm.o(.text)
    IPS_Init                                 0x080151b7   Thumb Code   140  pwm.o(.text)
    MPU_SDA_IN                               0x08015271   Thumb Code    30  mpu6050.o(.text)
    MPU_SDA_OUT                              0x0801528f   Thumb Code    30  mpu6050.o(.text)
    Delay5us                                 0x080152ad   Thumb Code    16  mpu6050.o(.text)
    I2C_SendACK                              0x080152bd   Thumb Code    38  mpu6050.o(.text)
    I2C_RecvACK                              0x080152e3   Thumb Code    42  mpu6050.o(.text)
    I2C_SendByte                             0x0801530d   Thumb Code    64  mpu6050.o(.text)
    I2C_RecvByte                             0x0801534d   Thumb Code    64  mpu6050.o(.text)
    I2C_Stop                                 0x0801538d   Thumb Code    36  mpu6050.o(.text)
    I2C_Start                                0x080153b1   Thumb Code    42  mpu6050.o(.text)
    MPU_IIC_Wait_Ack                         0x080153db   Thumb Code    68  mpu6050.o(.text)
    Single_WriteI2C                          0x0801541f   Thumb Code    68  mpu6050.o(.text)
    Single_ReadI2C                           0x08015463   Thumb Code    62  mpu6050.o(.text)
    GetData                                  0x080154a1   Thumb Code    52  mpu6050.o(.text)
    IIC_Init                                 0x080154d5   Thumb Code    46  mpu6050.o(.text)
    MPU6050_Init                             0x08015503   Thumb Code    62  mpu6050.o(.text)
    NMI_Handler                              0x0801554d   Thumb Code     2  stm32f10x_it.o(.text)
    HardFault_Handler                        0x0801554f   Thumb Code     4  stm32f10x_it.o(.text)
    MemManage_Handler                        0x08015553   Thumb Code     4  stm32f10x_it.o(.text)
    BusFault_Handler                         0x08015557   Thumb Code     4  stm32f10x_it.o(.text)
    UsageFault_Handler                       0x0801555b   Thumb Code     4  stm32f10x_it.o(.text)
    SVC_Handler                              0x0801555f   Thumb Code     2  stm32f10x_it.o(.text)
    DebugMon_Handler                         0x08015561   Thumb Code     2  stm32f10x_it.o(.text)
    PendSV_Handler                           0x08015563   Thumb Code     2  stm32f10x_it.o(.text)
    SysTick_Handler                          0x08015565   Thumb Code     2  stm32f10x_it.o(.text)
    SystemInit                               0x08015647   Thumb Code    78  system_stm32f10x.o(.text)
    SystemCoreClockUpdate                    0x08015695   Thumb Code   142  system_stm32f10x.o(.text)
    _sys_exit                                0x08015749   Thumb Code     6  usart.o(.text)
    fputc                                    0x0801574f   Thumb Code    24  usart.o(.text)
    uart_init                                0x08015767   Thumb Code   152  usart.o(.text)
    Reset_Handler                            0x08015809   Thumb Code     8  startup_stm32f10x_hd.o(.text)
    ADC1_2_IRQHandler                        0x08015823   Thumb Code     0  startup_stm32f10x_hd.o(.text)
    ADC3_IRQHandler                          0x08015823   Thumb Code     0  startup_stm32f10x_hd.o(.text)
    CAN1_RX1_IRQHandler                      0x08015823   Thumb Code     0  startup_stm32f10x_hd.o(.text)
    CAN1_SCE_IRQHandler                      0x08015823   Thumb Code     0  startup_stm32f10x_hd.o(.text)
    DMA1_Channel1_IRQHandler                 0x08015823   Thumb Code     0  startup_stm32f10x_hd.o(.text)
    DMA1_Channel2_IRQHandler                 0x08015823   Thumb Code     0  startup_stm32f10x_hd.o(.text)
    DMA1_Channel3_IRQHandler                 0x08015823   Thumb Code     0  startup_stm32f10x_hd.o(.text)
    DMA1_Channel4_IRQHandler                 0x08015823   Thumb Code     0  startup_stm32f10x_hd.o(.text)
    DMA1_Channel5_IRQHandler                 0x08015823   Thumb Code     0  startup_stm32f10x_hd.o(.text)
    DMA1_Channel6_IRQHandler                 0x08015823   Thumb Code     0  startup_stm32f10x_hd.o(.text)
    DMA1_Channel7_IRQHandler                 0x08015823   Thumb Code     0  startup_stm32f10x_hd.o(.text)
    DMA2_Channel1_IRQHandler                 0x08015823   Thumb Code     0  startup_stm32f10x_hd.o(.text)
    DMA2_Channel2_IRQHandler                 0x08015823   Thumb Code     0  startup_stm32f10x_hd.o(.text)
    DMA2_Channel3_IRQHandler                 0x08015823   Thumb Code     0  startup_stm32f10x_hd.o(.text)
    DMA2_Channel4_5_IRQHandler               0x08015823   Thumb Code     0  startup_stm32f10x_hd.o(.text)
    EXTI0_IRQHandler                         0x08015823   Thumb Code     0  startup_stm32f10x_hd.o(.text)
    EXTI15_10_IRQHandler                     0x08015823   Thumb Code     0  startup_stm32f10x_hd.o(.text)
    EXTI1_IRQHandler                         0x08015823   Thumb Code     0  startup_stm32f10x_hd.o(.text)
    EXTI2_IRQHandler                         0x08015823   Thumb Code     0  startup_stm32f10x_hd.o(.text)
    EXTI3_IRQHandler                         0x08015823   Thumb Code     0  startup_stm32f10x_hd.o(.text)
    EXTI4_IRQHandler                         0x08015823   Thumb Code     0  startup_stm32f10x_hd.o(.text)
    EXTI9_5_IRQHandler                       0x08015823   Thumb Code     0  startup_stm32f10x_hd.o(.text)
    FLASH_IRQHandler                         0x08015823   Thumb Code     0  startup_stm32f10x_hd.o(.text)
    FSMC_IRQHandler                          0x08015823   Thumb Code     0  startup_stm32f10x_hd.o(.text)
    I2C1_ER_IRQHandler                       0x08015823   Thumb Code     0  startup_stm32f10x_hd.o(.text)
    I2C1_EV_IRQHandler                       0x08015823   Thumb Code     0  startup_stm32f10x_hd.o(.text)
    I2C2_ER_IRQHandler                       0x08015823   Thumb Code     0  startup_stm32f10x_hd.o(.text)
    I2C2_EV_IRQHandler                       0x08015823   Thumb Code     0  startup_stm32f10x_hd.o(.text)
    PVD_IRQHandler                           0x08015823   Thumb Code     0  startup_stm32f10x_hd.o(.text)
    RCC_IRQHandler                           0x08015823   Thumb Code     0  startup_stm32f10x_hd.o(.text)
    RTCAlarm_IRQHandler                      0x08015823   Thumb Code     0  startup_stm32f10x_hd.o(.text)
    RTC_IRQHandler                           0x08015823   Thumb Code     0  startup_stm32f10x_hd.o(.text)
    SDIO_IRQHandler                          0x08015823   Thumb Code     0  startup_stm32f10x_hd.o(.text)
    SPI1_IRQHandler                          0x08015823   Thumb Code     0  startup_stm32f10x_hd.o(.text)
    SPI2_IRQHandler                          0x08015823   Thumb Code     0  startup_stm32f10x_hd.o(.text)
    SPI3_IRQHandler                          0x08015823   Thumb Code     0  startup_stm32f10x_hd.o(.text)
    TAMPER_IRQHandler                        0x08015823   Thumb Code     0  startup_stm32f10x_hd.o(.text)
    TIM1_BRK_IRQHandler                      0x08015823   Thumb Code     0  startup_stm32f10x_hd.o(.text)
    TIM1_CC_IRQHandler                       0x08015823   Thumb Code     0  startup_stm32f10x_hd.o(.text)
    TIM1_TRG_COM_IRQHandler                  0x08015823   Thumb Code     0  startup_stm32f10x_hd.o(.text)
    TIM4_IRQHandler                          0x08015823   Thumb Code     0  startup_stm32f10x_hd.o(.text)
    TIM5_IRQHandler                          0x08015823   Thumb Code     0  startup_stm32f10x_hd.o(.text)
    TIM6_IRQHandler                          0x08015823   Thumb Code     0  startup_stm32f10x_hd.o(.text)
    TIM7_IRQHandler                          0x08015823   Thumb Code     0  startup_stm32f10x_hd.o(.text)
    TIM8_BRK_IRQHandler                      0x08015823   Thumb Code     0  startup_stm32f10x_hd.o(.text)
    TIM8_CC_IRQHandler                       0x08015823   Thumb Code     0  startup_stm32f10x_hd.o(.text)
    TIM8_TRG_COM_IRQHandler                  0x08015823   Thumb Code     0  startup_stm32f10x_hd.o(.text)
    TIM8_UP_IRQHandler                       0x08015823   Thumb Code     0  startup_stm32f10x_hd.o(.text)
    UART4_IRQHandler                         0x08015823   Thumb Code     0  startup_stm32f10x_hd.o(.text)
    UART5_IRQHandler                         0x08015823   Thumb Code     0  startup_stm32f10x_hd.o(.text)
    USBWakeUp_IRQHandler                     0x08015823   Thumb Code     0  startup_stm32f10x_hd.o(.text)
    USB_HP_CAN1_TX_IRQHandler                0x08015823   Thumb Code     0  startup_stm32f10x_hd.o(.text)
    WWDG_IRQHandler                          0x08015823   Thumb Code     0  startup_stm32f10x_hd.o(.text)
    NVIC_PriorityGroupConfig                 0x0801582d   Thumb Code    10  misc.o(.text)
    NVIC_Init                                0x08015837   Thumb Code   100  misc.o(.text)
    NVIC_SetVectorTable                      0x0801589b   Thumb Code    14  misc.o(.text)
    NVIC_SystemLPConfig                      0x080158a9   Thumb Code    34  misc.o(.text)
    SysTick_CLKSourceConfig                  0x080158cb   Thumb Code    40  misc.o(.text)
    GPIO_DeInit                              0x08015909   Thumb Code   172  stm32f10x_gpio.o(.text)
    GPIO_AFIODeInit                          0x080159b5   Thumb Code    20  stm32f10x_gpio.o(.text)
    GPIO_Init                                0x080159c9   Thumb Code   278  stm32f10x_gpio.o(.text)
    GPIO_StructInit                          0x08015adf   Thumb Code    16  stm32f10x_gpio.o(.text)
    GPIO_ReadInputDataBit                    0x08015aef   Thumb Code    18  stm32f10x_gpio.o(.text)
    GPIO_ReadInputData                       0x08015b01   Thumb Code     8  stm32f10x_gpio.o(.text)
    GPIO_ReadOutputDataBit                   0x08015b09   Thumb Code    18  stm32f10x_gpio.o(.text)
    GPIO_ReadOutputData                      0x08015b1b   Thumb Code     8  stm32f10x_gpio.o(.text)
    GPIO_SetBits                             0x08015b23   Thumb Code     4  stm32f10x_gpio.o(.text)
    GPIO_ResetBits                           0x08015b27   Thumb Code     4  stm32f10x_gpio.o(.text)
    GPIO_WriteBit                            0x08015b2b   Thumb Code    10  stm32f10x_gpio.o(.text)
    GPIO_Write                               0x08015b35   Thumb Code     4  stm32f10x_gpio.o(.text)
    GPIO_PinLockConfig                       0x08015b39   Thumb Code    18  stm32f10x_gpio.o(.text)
    GPIO_EventOutputConfig                   0x08015b4b   Thumb Code    26  stm32f10x_gpio.o(.text)
    GPIO_EventOutputCmd                      0x08015b65   Thumb Code     6  stm32f10x_gpio.o(.text)
    GPIO_PinRemapConfig                      0x08015b6b   Thumb Code   138  stm32f10x_gpio.o(.text)
    GPIO_EXTILineConfig                      0x08015bf5   Thumb Code    66  stm32f10x_gpio.o(.text)
    GPIO_ETH_MediaInterfaceConfig            0x08015c37   Thumb Code     8  stm32f10x_gpio.o(.text)
    SPI_I2S_DeInit                           0x08015c65   Thumb Code    76  stm32f10x_spi.o(.text)
    SPI_Init                                 0x08015cb1   Thumb Code    60  stm32f10x_spi.o(.text)
    I2S_Init                                 0x08015ced   Thumb Code   226  stm32f10x_spi.o(.text)
    SPI_StructInit                           0x08015dcf   Thumb Code    24  stm32f10x_spi.o(.text)
    I2S_StructInit                           0x08015de7   Thumb Code    20  stm32f10x_spi.o(.text)
    SPI_Cmd                                  0x08015dfb   Thumb Code    24  stm32f10x_spi.o(.text)
    I2S_Cmd                                  0x08015e13   Thumb Code    24  stm32f10x_spi.o(.text)
    SPI_I2S_ITConfig                         0x08015e2b   Thumb Code    32  stm32f10x_spi.o(.text)
    SPI_I2S_DMACmd                           0x08015e4b   Thumb Code    18  stm32f10x_spi.o(.text)
    SPI_I2S_SendData                         0x08015e5d   Thumb Code     4  stm32f10x_spi.o(.text)
    SPI_I2S_ReceiveData                      0x08015e61   Thumb Code     6  stm32f10x_spi.o(.text)
    SPI_NSSInternalSoftwareConfig            0x08015e67   Thumb Code    30  stm32f10x_spi.o(.text)
    SPI_SSOutputCmd                          0x08015e85   Thumb Code    24  stm32f10x_spi.o(.text)
    SPI_DataSizeConfig                       0x08015e9d   Thumb Code    18  stm32f10x_spi.o(.text)
    SPI_TransmitCRC                          0x08015eaf   Thumb Code    10  stm32f10x_spi.o(.text)
    SPI_CalculateCRC                         0x08015eb9   Thumb Code    24  stm32f10x_spi.o(.text)
    SPI_GetCRC                               0x08015ed1   Thumb Code    16  stm32f10x_spi.o(.text)
    SPI_GetCRCPolynomial                     0x08015ee1   Thumb Code     6  stm32f10x_spi.o(.text)
    SPI_BiDirectionalLineConfig              0x08015ee7   Thumb Code    28  stm32f10x_spi.o(.text)
    SPI_I2S_GetFlagStatus                    0x08015f03   Thumb Code    18  stm32f10x_spi.o(.text)
    SPI_I2S_ClearFlag                        0x08015f15   Thumb Code     6  stm32f10x_spi.o(.text)
    SPI_I2S_GetITStatus                      0x08015f1b   Thumb Code    52  stm32f10x_spi.o(.text)
    SPI_I2S_ClearITPendingBit                0x08015f4f   Thumb Code    20  stm32f10x_spi.o(.text)
    USART_DeInit                             0x08015f71   Thumb Code   134  stm32f10x_usart.o(.text)
    USART_Init                               0x08015ff7   Thumb Code   210  stm32f10x_usart.o(.text)
    USART_StructInit                         0x080160c9   Thumb Code    24  stm32f10x_usart.o(.text)
    USART_ClockInit                          0x080160e1   Thumb Code    34  stm32f10x_usart.o(.text)
    USART_ClockStructInit                    0x08016103   Thumb Code    12  stm32f10x_usart.o(.text)
    USART_Cmd                                0x0801610f   Thumb Code    24  stm32f10x_usart.o(.text)
    USART_ITConfig                           0x08016127   Thumb Code    74  stm32f10x_usart.o(.text)
    USART_DMACmd                             0x08016171   Thumb Code    18  stm32f10x_usart.o(.text)
    USART_SetAddress                         0x08016183   Thumb Code    18  stm32f10x_usart.o(.text)
    USART_WakeUpConfig                       0x08016195   Thumb Code    18  stm32f10x_usart.o(.text)
    USART_ReceiverWakeUpCmd                  0x080161a7   Thumb Code    24  stm32f10x_usart.o(.text)
    USART_LINBreakDetectLengthConfig         0x080161bf   Thumb Code    18  stm32f10x_usart.o(.text)
    USART_LINCmd                             0x080161d1   Thumb Code    24  stm32f10x_usart.o(.text)
    USART_SendData                           0x080161e9   Thumb Code     8  stm32f10x_usart.o(.text)
    USART_ReceiveData                        0x080161f1   Thumb Code    10  stm32f10x_usart.o(.text)
    USART_SendBreak                          0x080161fb   Thumb Code    10  stm32f10x_usart.o(.text)
    USART_SetGuardTime                       0x08016205   Thumb Code    16  stm32f10x_usart.o(.text)
    USART_SetPrescaler                       0x08016215   Thumb Code    16  stm32f10x_usart.o(.text)
    USART_SmartCardCmd                       0x08016225   Thumb Code    24  stm32f10x_usart.o(.text)
    USART_SmartCardNACKCmd                   0x0801623d   Thumb Code    24  stm32f10x_usart.o(.text)
    USART_HalfDuplexCmd                      0x08016255   Thumb Code    24  stm32f10x_usart.o(.text)
    USART_OverSampling8Cmd                   0x0801626d   Thumb Code    22  stm32f10x_usart.o(.text)
    USART_OneBitMethodCmd                    0x08016283   Thumb Code    24  stm32f10x_usart.o(.text)
    USART_IrDAConfig                         0x0801629b   Thumb Code    18  stm32f10x_usart.o(.text)
    USART_IrDACmd                            0x080162ad   Thumb Code    24  stm32f10x_usart.o(.text)
    USART_GetFlagStatus                      0x080162c5   Thumb Code    26  stm32f10x_usart.o(.text)
    USART_ClearFlag                          0x080162df   Thumb Code    18  stm32f10x_usart.o(.text)
    USART_GetITStatus                        0x080162f1   Thumb Code    84  stm32f10x_usart.o(.text)
    USART_ClearITPendingBit                  0x08016345   Thumb Code    52  stm32f10x_usart.o(.text)
    ADC_DeInit                               0x08016379   Thumb Code    78  stm32f10x_adc.o(.text)
    ADC_Init                                 0x080163c7   Thumb Code    70  stm32f10x_adc.o(.text)
    ADC_StructInit                           0x0801640d   Thumb Code    18  stm32f10x_adc.o(.text)
    ADC_Cmd                                  0x0801641f   Thumb Code    22  stm32f10x_adc.o(.text)
    ADC_DMACmd                               0x08016435   Thumb Code    22  stm32f10x_adc.o(.text)
    ADC_ITConfig                             0x0801644b   Thumb Code    24  stm32f10x_adc.o(.text)
    ADC_ResetCalibration                     0x08016463   Thumb Code    10  stm32f10x_adc.o(.text)
    ADC_GetResetCalibrationStatus            0x0801646d   Thumb Code    20  stm32f10x_adc.o(.text)
    ADC_StartCalibration                     0x08016481   Thumb Code    10  stm32f10x_adc.o(.text)
    ADC_GetCalibrationStatus                 0x0801648b   Thumb Code    20  stm32f10x_adc.o(.text)
    ADC_SoftwareStartConvCmd                 0x0801649f   Thumb Code    22  stm32f10x_adc.o(.text)
    ADC_GetSoftwareStartConvStatus           0x080164b5   Thumb Code    20  stm32f10x_adc.o(.text)
    ADC_DiscModeChannelCountConfig           0x080164c9   Thumb Code    24  stm32f10x_adc.o(.text)
    ADC_DiscModeCmd                          0x080164e1   Thumb Code    22  stm32f10x_adc.o(.text)
    ADC_RegularChannelConfig                 0x080164f7   Thumb Code   184  stm32f10x_adc.o(.text)
    ADC_ExternalTrigConvCmd                  0x080165af   Thumb Code    22  stm32f10x_adc.o(.text)
    ADC_GetConversionValue                   0x080165c5   Thumb Code     8  stm32f10x_adc.o(.text)
    ADC_GetDualModeConversionValue           0x080165cd   Thumb Code     8  stm32f10x_adc.o(.text)
    ADC_AutoInjectedConvCmd                  0x080165d5   Thumb Code    22  stm32f10x_adc.o(.text)
    ADC_InjectedDiscModeCmd                  0x080165eb   Thumb Code    22  stm32f10x_adc.o(.text)
    ADC_ExternalTrigInjectedConvConfig       0x08016601   Thumb Code    16  stm32f10x_adc.o(.text)
    ADC_ExternalTrigInjectedConvCmd          0x08016611   Thumb Code    22  stm32f10x_adc.o(.text)
    ADC_SoftwareStartInjectedConvCmd         0x08016627   Thumb Code    22  stm32f10x_adc.o(.text)
    ADC_GetSoftwareStartInjectedConvCmdStatus 0x0801663d   Thumb Code    20  stm32f10x_adc.o(.text)
    ADC_InjectedChannelConfig                0x08016651   Thumb Code   130  stm32f10x_adc.o(.text)
    ADC_InjectedSequencerLengthConfig        0x080166d3   Thumb Code    24  stm32f10x_adc.o(.text)
    ADC_SetInjectedOffset                    0x080166eb   Thumb Code    20  stm32f10x_adc.o(.text)
    ADC_GetInjectedConversionValue           0x080166ff   Thumb Code    28  stm32f10x_adc.o(.text)
    ADC_AnalogWatchdogCmd                    0x0801671b   Thumb Code    16  stm32f10x_adc.o(.text)
    ADC_AnalogWatchdogThresholdsConfig       0x0801672b   Thumb Code     6  stm32f10x_adc.o(.text)
    ADC_AnalogWatchdogSingleChannelConfig    0x08016731   Thumb Code    16  stm32f10x_adc.o(.text)
    ADC_TempSensorVrefintCmd                 0x08016741   Thumb Code    64  stm32f10x_adc.o(.text)
    ADC_GetFlagStatus                        0x08016781   Thumb Code    18  stm32f10x_adc.o(.text)
    ADC_ClearFlag                            0x08016793   Thumb Code     6  stm32f10x_adc.o(.text)
    ADC_GetITStatus                          0x08016799   Thumb Code    36  stm32f10x_adc.o(.text)
    ADC_ClearITPendingBit                    0x080167bd   Thumb Code    10  stm32f10x_adc.o(.text)
    TIM_DeInit                               0x080167c9   Thumb Code   424  stm32f10x_tim.o(.text)
    TIM_TimeBaseInit                         0x08016971   Thumb Code   122  stm32f10x_tim.o(.text)
    TIM_OC1Init                              0x080169eb   Thumb Code   132  stm32f10x_tim.o(.text)
    TIM_OC2Init                              0x08016a6f   Thumb Code   154  stm32f10x_tim.o(.text)
    TIM_OC3Init                              0x08016b09   Thumb Code   150  stm32f10x_tim.o(.text)
    TIM_OC4Init                              0x08016b9f   Thumb Code   182  stm32f10x_tim.o(.text)
    TIM_SetIC4Prescaler                      0x08016c55   Thumb Code    26  stm32f10x_tim.o(.text)
    TIM_SetIC3Prescaler                      0x08016cf1   Thumb Code    18  stm32f10x_tim.o(.text)
    TIM_SetIC2Prescaler                      0x08016d7d   Thumb Code    26  stm32f10x_tim.o(.text)
    TIM_SetIC1Prescaler                      0x08016e19   Thumb Code    18  stm32f10x_tim.o(.text)
    TIM_ICInit                               0x08016e97   Thumb Code   150  stm32f10x_tim.o(.text)
    TIM_PWMIConfig                           0x08016f2d   Thumb Code   124  stm32f10x_tim.o(.text)
    TIM_BDTRConfig                           0x08016fa9   Thumb Code    32  stm32f10x_tim.o(.text)
    TIM_TimeBaseStructInit                   0x08016fc9   Thumb Code    18  stm32f10x_tim.o(.text)
    TIM_OCStructInit                         0x08016fdb   Thumb Code    20  stm32f10x_tim.o(.text)
    TIM_ICStructInit                         0x08016fef   Thumb Code    18  stm32f10x_tim.o(.text)
    TIM_BDTRStructInit                       0x08017001   Thumb Code    40  stm32f10x_tim.o(.text)
    TIM_Cmd                                  0x08017029   Thumb Code    24  stm32f10x_tim.o(.text)
    TIM_CtrlPWMOutputs                       0x08017041   Thumb Code    30  stm32f10x_tim.o(.text)
    TIM_ITConfig                             0x0801705f   Thumb Code    18  stm32f10x_tim.o(.text)
    TIM_GenerateEvent                        0x08017071   Thumb Code     4  stm32f10x_tim.o(.text)
    TIM_DMAConfig                            0x08017075   Thumb Code    10  stm32f10x_tim.o(.text)
    TIM_DMACmd                               0x0801707f   Thumb Code    18  stm32f10x_tim.o(.text)
    TIM_InternalClockConfig                  0x08017091   Thumb Code    12  stm32f10x_tim.o(.text)
    TIM_SelectInputTrigger                   0x0801709d   Thumb Code    18  stm32f10x_tim.o(.text)
    TIM_ITRxExternalClockConfig              0x080170af   Thumb Code    24  stm32f10x_tim.o(.text)
    TIM_TIxExternalClockConfig               0x080170c7   Thumb Code    62  stm32f10x_tim.o(.text)
    TIM_ETRConfig                            0x08017105   Thumb Code    28  stm32f10x_tim.o(.text)
    TIM_ETRClockMode1Config                  0x08017121   Thumb Code    54  stm32f10x_tim.o(.text)
    TIM_ETRClockMode2Config                  0x08017157   Thumb Code    32  stm32f10x_tim.o(.text)
    TIM_PrescalerConfig                      0x08017177   Thumb Code     6  stm32f10x_tim.o(.text)
    TIM_CounterModeConfig                    0x0801717d   Thumb Code    18  stm32f10x_tim.o(.text)
    TIM_EncoderInterfaceConfig               0x0801718f   Thumb Code    66  stm32f10x_tim.o(.text)
    TIM_ForcedOC1Config                      0x080171d1   Thumb Code    18  stm32f10x_tim.o(.text)
    TIM_ForcedOC2Config                      0x080171e3   Thumb Code    26  stm32f10x_tim.o(.text)
    TIM_ForcedOC3Config                      0x080171fd   Thumb Code    18  stm32f10x_tim.o(.text)
    TIM_ForcedOC4Config                      0x0801720f   Thumb Code    26  stm32f10x_tim.o(.text)
    TIM_ARRPreloadConfig                     0x08017229   Thumb Code    24  stm32f10x_tim.o(.text)
    TIM_SelectCOM                            0x08017241   Thumb Code    24  stm32f10x_tim.o(.text)
    TIM_SelectCCDMA                          0x08017259   Thumb Code    24  stm32f10x_tim.o(.text)
    TIM_CCPreloadControl                     0x08017271   Thumb Code    24  stm32f10x_tim.o(.text)
    TIM_OC1PreloadConfig                     0x08017289   Thumb Code    18  stm32f10x_tim.o(.text)
    TIM_OC2PreloadConfig                     0x0801729b   Thumb Code    26  stm32f10x_tim.o(.text)
    TIM_OC3PreloadConfig                     0x080172b5   Thumb Code    18  stm32f10x_tim.o(.text)
    TIM_OC4PreloadConfig                     0x080172c7   Thumb Code    26  stm32f10x_tim.o(.text)
    TIM_OC1FastConfig                        0x080172e1   Thumb Code    18  stm32f10x_tim.o(.text)
    TIM_OC2FastConfig                        0x080172f3   Thumb Code    26  stm32f10x_tim.o(.text)
    TIM_OC3FastConfig                        0x0801730d   Thumb Code    18  stm32f10x_tim.o(.text)
    TIM_OC4FastConfig                        0x0801731f   Thumb Code    26  stm32f10x_tim.o(.text)
    TIM_ClearOC1Ref                          0x08017339   Thumb Code    18  stm32f10x_tim.o(.text)
    TIM_ClearOC2Ref                          0x0801734b   Thumb Code    24  stm32f10x_tim.o(.text)
    TIM_ClearOC3Ref                          0x08017363   Thumb Code    18  stm32f10x_tim.o(.text)
    TIM_ClearOC4Ref                          0x08017375   Thumb Code    24  stm32f10x_tim.o(.text)
    TIM_OC1PolarityConfig                    0x0801738d   Thumb Code    18  stm32f10x_tim.o(.text)
    TIM_OC1NPolarityConfig                   0x0801739f   Thumb Code    18  stm32f10x_tim.o(.text)
    TIM_OC2PolarityConfig                    0x080173b1   Thumb Code    26  stm32f10x_tim.o(.text)
    TIM_OC2NPolarityConfig                   0x080173cb   Thumb Code    26  stm32f10x_tim.o(.text)
    TIM_OC3PolarityConfig                    0x080173e5   Thumb Code    26  stm32f10x_tim.o(.text)
    TIM_OC3NPolarityConfig                   0x080173ff   Thumb Code    26  stm32f10x_tim.o(.text)
    TIM_OC4PolarityConfig                    0x08017419   Thumb Code    26  stm32f10x_tim.o(.text)
    TIM_CCxCmd                               0x08017433   Thumb Code    30  stm32f10x_tim.o(.text)
    TIM_CCxNCmd                              0x08017451   Thumb Code    30  stm32f10x_tim.o(.text)
    TIM_SelectOCxM                           0x0801746f   Thumb Code    82  stm32f10x_tim.o(.text)
    TIM_UpdateDisableConfig                  0x080174c1   Thumb Code    24  stm32f10x_tim.o(.text)
    TIM_UpdateRequestConfig                  0x080174d9   Thumb Code    24  stm32f10x_tim.o(.text)
    TIM_SelectHallSensor                     0x080174f1   Thumb Code    24  stm32f10x_tim.o(.text)
    TIM_SelectOnePulseMode                   0x08017509   Thumb Code    18  stm32f10x_tim.o(.text)
    TIM_SelectOutputTrigger                  0x0801751b   Thumb Code    18  stm32f10x_tim.o(.text)
    TIM_SelectSlaveMode                      0x0801752d   Thumb Code    18  stm32f10x_tim.o(.text)
    TIM_SelectMasterSlaveMode                0x0801753f   Thumb Code    18  stm32f10x_tim.o(.text)
    TIM_SetCounter                           0x08017551   Thumb Code     4  stm32f10x_tim.o(.text)
    TIM_SetAutoreload                        0x08017555   Thumb Code     4  stm32f10x_tim.o(.text)
    TIM_SetCompare1                          0x08017559   Thumb Code     4  stm32f10x_tim.o(.text)
    TIM_SetCompare2                          0x0801755d   Thumb Code     4  stm32f10x_tim.o(.text)
    TIM_SetCompare3                          0x08017561   Thumb Code     4  stm32f10x_tim.o(.text)
    TIM_SetCompare4                          0x08017565   Thumb Code     6  stm32f10x_tim.o(.text)
    TIM_SetClockDivision                     0x0801756b   Thumb Code    18  stm32f10x_tim.o(.text)
    TIM_GetCapture1                          0x0801757d   Thumb Code     6  stm32f10x_tim.o(.text)
    TIM_GetCapture2                          0x08017583   Thumb Code     6  stm32f10x_tim.o(.text)
    TIM_GetCapture3                          0x08017589   Thumb Code     6  stm32f10x_tim.o(.text)
    TIM_GetCapture4                          0x0801758f   Thumb Code     8  stm32f10x_tim.o(.text)
    TIM_GetCounter                           0x08017597   Thumb Code     6  stm32f10x_tim.o(.text)
    TIM_GetPrescaler                         0x0801759d   Thumb Code     6  stm32f10x_tim.o(.text)
    TIM_GetFlagStatus                        0x080175a3   Thumb Code    18  stm32f10x_tim.o(.text)
    TIM_ClearFlag                            0x080175b5   Thumb Code     6  stm32f10x_tim.o(.text)
    TIM_GetITStatus                          0x080175bb   Thumb Code    34  stm32f10x_tim.o(.text)
    TIM_ClearITPendingBit                    0x080175dd   Thumb Code     6  stm32f10x_tim.o(.text)
    FLASH_SetLatency                         0x080175e5   Thumb Code    18  stm32f10x_flash.o(.text)
    FLASH_HalfCycleAccessCmd                 0x080175f7   Thumb Code    22  stm32f10x_flash.o(.text)
    FLASH_PrefetchBufferCmd                  0x0801760d   Thumb Code    22  stm32f10x_flash.o(.text)
    FLASH_Unlock                             0x08017623   Thumb Code    12  stm32f10x_flash.o(.text)
    FLASH_UnlockBank1                        0x0801762f   Thumb Code    12  stm32f10x_flash.o(.text)
    FLASH_Lock                               0x0801763b   Thumb Code    14  stm32f10x_flash.o(.text)
    FLASH_LockBank1                          0x08017649   Thumb Code    14  stm32f10x_flash.o(.text)
    FLASH_GetBank1Status                     0x08017657   Thumb Code    48  stm32f10x_flash.o(.text)
    FLASH_WaitForLastOperation               0x08017687   Thumb Code    38  stm32f10x_flash.o(.text)
    FLASH_ErasePage                          0x080176ad   Thumb Code    72  stm32f10x_flash.o(.text)
    FLASH_EraseAllPages                      0x080176f5   Thumb Code    68  stm32f10x_flash.o(.text)
    FLASH_WaitForLastBank1Operation          0x08017739   Thumb Code    38  stm32f10x_flash.o(.text)
    FLASH_EraseAllBank1Pages                 0x0801775f   Thumb Code    68  stm32f10x_flash.o(.text)
    FLASH_GetReadOutProtectionStatus         0x080177a3   Thumb Code    20  stm32f10x_flash.o(.text)
    FLASH_EraseOptionBytes                   0x080177b7   Thumb Code   150  stm32f10x_flash.o(.text)
    FLASH_ProgramWord                        0x0801784d   Thumb Code   102  stm32f10x_flash.o(.text)
    FLASH_ProgramHalfWord                    0x080178b3   Thumb Code    60  stm32f10x_flash.o(.text)
    FLASH_ProgramOptionByteData              0x080178ef   Thumb Code    72  stm32f10x_flash.o(.text)
    FLASH_EnableWriteProtection              0x08017937   Thumb Code   200  stm32f10x_flash.o(.text)
    FLASH_ReadOutProtection                  0x080179ff   Thumb Code   156  stm32f10x_flash.o(.text)
    FLASH_UserOptionByteConfig               0x08017a9b   Thumb Code    88  stm32f10x_flash.o(.text)
    FLASH_GetUserOptionByte                  0x08017af3   Thumb Code     8  stm32f10x_flash.o(.text)
    FLASH_GetWriteProtectionOptionByte       0x08017afb   Thumb Code     6  stm32f10x_flash.o(.text)
    FLASH_GetPrefetchBufferStatus            0x08017b01   Thumb Code    20  stm32f10x_flash.o(.text)
    FLASH_ITConfig                           0x08017b15   Thumb Code    26  stm32f10x_flash.o(.text)
    FLASH_GetFlagStatus                      0x08017b2f   Thumb Code    42  stm32f10x_flash.o(.text)
    FLASH_ClearFlag                          0x08017b59   Thumb Code     6  stm32f10x_flash.o(.text)
    FLASH_GetStatus                          0x08017b5f   Thumb Code    48  stm32f10x_flash.o(.text)
    RCC_DeInit                               0x08017ba1   Thumb Code    64  stm32f10x_rcc.o(.text)
    RCC_HSEConfig                            0x08017be1   Thumb Code    70  stm32f10x_rcc.o(.text)
    RCC_GetFlagStatus                        0x08017c27   Thumb Code    56  stm32f10x_rcc.o(.text)
    RCC_WaitForHSEStartUp                    0x08017c5f   Thumb Code    56  stm32f10x_rcc.o(.text)
    RCC_AdjustHSICalibrationValue            0x08017c97   Thumb Code    20  stm32f10x_rcc.o(.text)
    RCC_HSICmd                               0x08017cab   Thumb Code     6  stm32f10x_rcc.o(.text)
    RCC_PLLConfig                            0x08017cb1   Thumb Code    24  stm32f10x_rcc.o(.text)
    RCC_PLLCmd                               0x08017cc9   Thumb Code     6  stm32f10x_rcc.o(.text)
    RCC_SYSCLKConfig                         0x08017ccf   Thumb Code    18  stm32f10x_rcc.o(.text)
    RCC_GetSYSCLKSource                      0x08017ce1   Thumb Code    10  stm32f10x_rcc.o(.text)
    RCC_HCLKConfig                           0x08017ceb   Thumb Code    18  stm32f10x_rcc.o(.text)
    RCC_PCLK1Config                          0x08017cfd   Thumb Code    18  stm32f10x_rcc.o(.text)
    RCC_PCLK2Config                          0x08017d0f   Thumb Code    20  stm32f10x_rcc.o(.text)
    RCC_ITConfig                             0x08017d23   Thumb Code    26  stm32f10x_rcc.o(.text)
    RCC_USBCLKConfig                         0x08017d3d   Thumb Code     8  stm32f10x_rcc.o(.text)
    RCC_ADCCLKConfig                         0x08017d45   Thumb Code    18  stm32f10x_rcc.o(.text)
    RCC_LSEConfig                            0x08017d57   Thumb Code    50  stm32f10x_rcc.o(.text)
    RCC_LSICmd                               0x08017d89   Thumb Code     6  stm32f10x_rcc.o(.text)
    RCC_RTCCLKConfig                         0x08017d8f   Thumb Code    12  stm32f10x_rcc.o(.text)
    RCC_RTCCLKCmd                            0x08017d9b   Thumb Code     8  stm32f10x_rcc.o(.text)
    RCC_GetClocksFreq                        0x08017da3   Thumb Code   192  stm32f10x_rcc.o(.text)
    RCC_AHBPeriphClockCmd                    0x08017e63   Thumb Code    26  stm32f10x_rcc.o(.text)
    RCC_APB2PeriphClockCmd                   0x08017e7d   Thumb Code    26  stm32f10x_rcc.o(.text)
    RCC_APB1PeriphClockCmd                   0x08017e97   Thumb Code    26  stm32f10x_rcc.o(.text)
    RCC_APB2PeriphResetCmd                   0x08017eb1   Thumb Code    26  stm32f10x_rcc.o(.text)
    RCC_APB1PeriphResetCmd                   0x08017ecb   Thumb Code    26  stm32f10x_rcc.o(.text)
    RCC_BackupResetCmd                       0x08017ee5   Thumb Code     8  stm32f10x_rcc.o(.text)
    RCC_ClockSecuritySystemCmd               0x08017eed   Thumb Code     6  stm32f10x_rcc.o(.text)
    RCC_MCOConfig                            0x08017ef3   Thumb Code     6  stm32f10x_rcc.o(.text)
    RCC_ClearFlag                            0x08017ef9   Thumb Code    14  stm32f10x_rcc.o(.text)
    RCC_GetITStatus                          0x08017f07   Thumb Code    20  stm32f10x_rcc.o(.text)
    RCC_ClearITPendingBit                    0x08017f1b   Thumb Code     6  stm32f10x_rcc.o(.text)
    mavlink_send_message                     0x08018f59   Thumb Code   196  open_tel_mavlink.o(.text)
    handleMessage                            0x0801901d   Thumb Code    98  open_tel_mavlink.o(.text)
    update                                   0x0801907f   Thumb Code    60  open_tel_mavlink.o(.text)
    fifo_write_ch                            0x08019b91   Thumb Code    44  mavlink_usart_fifo.o(.text)
    serial_write_buf                         0x08019bbd   Thumb Code    52  mavlink_usart_fifo.o(.text)
    fifo_init                                0x08019f5d   Thumb Code    34  mavlink_usart_fifo.o(.text)
    mavlink_init                             0x08019f7f   Thumb Code    24  mavlink_usart_fifo.o(.text)
    fifo_read_ch                             0x08019f97   Thumb Code    44  mavlink_usart_fifo.o(.text)
    fifo_free                                0x08019fc3   Thumb Code    34  mavlink_usart_fifo.o(.text)
    fifo_used                                0x08019fe5   Thumb Code    34  mavlink_usart_fifo.o(.text)
    serial_read_ch                           0x0801a007   Thumb Code    16  mavlink_usart_fifo.o(.text)
    serial_free                              0x0801a017   Thumb Code    10  mavlink_usart_fifo.o(.text)
    serial_available                         0x0801a021   Thumb Code    10  mavlink_usart_fifo.o(.text)
    USART2_IRQHandler                        0x0801a02b   Thumb Code    98  mavlink_usart_fifo.o(.text)
    USB_Init                                 0x0801a0a1   Thumb Code    42  usb_hw.o(.text)
    USB_Reset                                0x0801a0cb   Thumb Code    98  usb_hw.o(.text)
    EP_Reset                                 0x0801a12d   Thumb Code    58  usb_hw.o(.text)
    USB_Connect                              0x0801a167   Thumb Code    78  usb_hw.o(.text)
    USB_ConfigEP                             0x0801a1b5   Thumb Code   172  usb_hw.o(.text)
    EP_Status                                0x0801a261   Thumb Code    70  usb_hw.o(.text)
    USB_ResetEP                              0x0801a2a7   Thumb Code    12  usb_hw.o(.text)
    USB_SetStallEP                           0x0801a2b3   Thumb Code    16  usb_hw.o(.text)
    USB_EnableEP                             0x0801a2c3   Thumb Code    16  usb_hw.o(.text)
    USB_DisableEP                            0x0801a2d3   Thumb Code    14  usb_hw.o(.text)
    USB_ClrStallEP                           0x0801a2e1   Thumb Code    16  usb_hw.o(.text)
    USB_SetAddress                           0x0801a2f1   Thumb Code    12  usb_hw.o(.text)
    USB_ReadEP                               0x0801a2fd   Thumb Code    88  usb_hw.o(.text)
    USB_WriteEP                              0x0801a355   Thumb Code    82  usb_hw.o(.text)
    USB_Suspend                              0x0801a3a7   Thumb Code    28  usb_hw.o(.text)
    USB_WakeUp                               0x0801a3c3   Thumb Code    30  usb_hw.o(.text)
    USB_LP_CAN1_RX0_IRQHandler               0x0801a3e1   Thumb Code   258  usb_hw.o(.text)
    USB_ResetCore                            0x0801a4e9   Thumb Code    30  usbcore.o(.text)
    USB_SetupStage                           0x0801a507   Thumb Code    14  usbcore.o(.text)
    USB_StatusInStage                        0x0801a515   Thumb Code    14  usbcore.o(.text)
    USB_StatusOutStage                       0x0801a523   Thumb Code    14  usbcore.o(.text)
    USB_DataInStage                          0x0801a531   Thumb Code    52  usbcore.o(.text)
    USB_DataOutStage                         0x0801a565   Thumb Code    36  usbcore.o(.text)
    USB_EndPoint0                            0x0801a589   Thumb Code   548  usbcore.o(.text)
    USB_EndPoint1                            0x0801a92d   Thumb Code    26  usbuser.o(.text)
    __aeabi_memcpy                           0x0801a947   Thumb Code    36  memcpya.o(.text)
    __aeabi_memcpy4                          0x0801a947   Thumb Code     0  memcpya.o(.text)
    __aeabi_memcpy8                          0x0801a947   Thumb Code     0  memcpya.o(.text)
    __aeabi_memset                           0x0801a96b   Thumb Code    14  memseta.o(.text)
    __aeabi_memset4                          0x0801a96b   Thumb Code     0  memseta.o(.text)
    __aeabi_memset8                          0x0801a96b   Thumb Code     0  memseta.o(.text)
    __aeabi_memclr                           0x0801a979   Thumb Code     4  memseta.o(.text)
    __aeabi_memclr4                          0x0801a979   Thumb Code     0  memseta.o(.text)
    __aeabi_memclr8                          0x0801a979   Thumb Code     0  memseta.o(.text)
    _memset$wrapper                          0x0801a97d   Thumb Code    18  memseta.o(.text)
    strlen                                   0x0801a98f   Thumb Code    14  strlen.o(.text)
    strcpy                                   0x0801a99d   Thumb Code    18  strcpy.o(.text)
    __0sscanf                                0x0801a9b1   Thumb Code    48  __0sscanf.o(.text)
    _scanf_real                              0x0801ab11   Thumb Code     0  scanf_fp.o(.text)
    _scanf_really_real                       0x0801ab11   Thumb Code   556  scanf_fp.o(.text)
    __aeabi_fadd                             0x0801ad49   Thumb Code   164  fadd.o(.text)
    __aeabi_fsub                             0x0801aded   Thumb Code     6  fadd.o(.text)
    __aeabi_frsub                            0x0801adf3   Thumb Code     6  fadd.o(.text)
    __aeabi_fmul                             0x0801adf9   Thumb Code   100  fmul.o(.text)
    __aeabi_fdiv                             0x0801ae5d   Thumb Code   124  fdiv.o(.text)
    __aeabi_dadd                             0x0801aed9   Thumb Code   322  dadd.o(.text)
    __aeabi_dsub                             0x0801b01b   Thumb Code     6  dadd.o(.text)
    __aeabi_drsub                            0x0801b021   Thumb Code     6  dadd.o(.text)
    __aeabi_dmul                             0x0801b027   Thumb Code   228  dmul.o(.text)
    __aeabi_ddiv                             0x0801b10b   Thumb Code   222  ddiv.o(.text)
    __aeabi_i2f                              0x0801b1e9   Thumb Code    18  fflti.o(.text)
    __aeabi_ui2f                             0x0801b1fb   Thumb Code    10  ffltui.o(.text)
    __aeabi_i2d                              0x0801b205   Thumb Code    34  dflti.o(.text)
    __aeabi_ui2d                             0x0801b227   Thumb Code    26  dfltui.o(.text)
    __aeabi_f2iz                             0x0801b241   Thumb Code    50  ffixi.o(.text)
    __aeabi_f2uiz                            0x0801b273   Thumb Code    40  ffixui.o(.text)
    __aeabi_d2iz                             0x0801b29b   Thumb Code    62  dfixi.o(.text)
    __aeabi_d2uiz                            0x0801b2d9   Thumb Code    50  dfixui.o(.text)
    __aeabi_f2d                              0x0801b30b   Thumb Code    38  f2d.o(.text)
    __aeabi_d2f                              0x0801b331   Thumb Code    56  d2f.o(.text)
    __aeabi_cfcmpeq                          0x0801b369   Thumb Code     0  cfcmple.o(.text)
    __aeabi_cfcmple                          0x0801b369   Thumb Code    20  cfcmple.o(.text)
    __aeabi_cfrcmple                         0x0801b37d   Thumb Code    20  cfrcmple.o(.text)
    __aeabi_uidiv                            0x0801b391   Thumb Code     0  uidiv.o(.text)
    __aeabi_uidivmod                         0x0801b391   Thumb Code    44  uidiv.o(.text)
    __aeabi_uldivmod                         0x0801b3bd   Thumb Code    98  uldiv.o(.text)
    __aeabi_llsl                             0x0801b41f   Thumb Code    30  llshl.o(.text)
    _ll_shift_l                              0x0801b41f   Thumb Code     0  llshl.o(.text)
    __aeabi_llsr                             0x0801b43d   Thumb Code    32  llushr.o(.text)
    _ll_ushift_r                             0x0801b43d   Thumb Code     0  llushr.o(.text)
    __aeabi_lasr                             0x0801b45d   Thumb Code    36  llsshr.o(.text)
    _ll_sshift_r                             0x0801b45d   Thumb Code     0  llsshr.o(.text)
    __vfscanf_char                           0x0801b48d   Thumb Code    20  scanf_char.o(.text)
    _sgetc                                   0x0801b4a9   Thumb Code    30  _sgetc.o(.text)
    _sbackspace                              0x0801b4c7   Thumb Code    34  _sgetc.o(.text)
    __I$use$fp                               0x0801b4e9   Thumb Code     0  iusefp.o(.text)
    _float_round                             0x0801b4e9   Thumb Code    18  fepilogue.o(.text)
    _float_epilogue                          0x0801b4fb   Thumb Code    92  fepilogue.o(.text)
    _fsqrt                                   0x0801b557   Thumb Code    94  fsqrt.o(.text)
    _double_round                            0x0801b5b5   Thumb Code    30  depilogue.o(.text)
    _double_epilogue                         0x0801b5d3   Thumb Code   156  depilogue.o(.text)
    __ARM_scalbn                             0x0801b66f   Thumb Code    46  dscalb.o(.text)
    scalbn                                   0x0801b66f   Thumb Code     0  dscalb.o(.text)
    _dsqrt                                   0x0801b69d   Thumb Code   162  dsqrt.o(.text)
    __aeabi_ul2d                             0x0801b73f   Thumb Code    24  dfltul.o(.text)
    __aeabi_d2ulz                            0x0801b757   Thumb Code    48  dfixul.o(.text)
    __aeabi_cdrcmple                         0x0801b789   Thumb Code    48  cdrcmple.o(.text)
    __scatterload                            0x0801b7b9   Thumb Code    28  init.o(.text)
    __scatterload_rt2                        0x0801b7b9   Thumb Code     0  init.o(.text)
    isspace                                  0x0801b7dd   Thumb Code    10  isspace_c.o(.text)
    __vfscanf                                0x0801b7e9   Thumb Code   808  _scanf.o(.text)
    __ARM_scalbnf                            0x0801bb15   Thumb Code    24  fscalb.o(.text)
    scalbnf                                  0x0801bb15   Thumb Code     0  fscalb.o(.text)
    __ctype_lookup                           0x0801bb2d   Thumb Code    34  ctype_c.o(.text)
    __decompress                             0x0801bb55   Thumb Code     0  __dczerorl2.o(.text)
    __decompress1                            0x0801bb55   Thumb Code    86  __dczerorl2.o(.text)
    USB_GetDescriptor                        0x0801bbad   Thumb Code   294  usbcore.o(i.USB_GetDescriptor)
    USB_GetStatus                            0x0801bd25   Thumb Code   174  usbcore.o(i.USB_GetStatus)
    USB_SetClrFeature                        0x0801bdf5   Thumb Code   270  usbcore.o(i.USB_SetClrFeature)
    USB_SetConfiguration                     0x0801bf49   Thumb Code   368  usbcore.o(i.USB_SetConfiguration)
    __0printf                                0x0801c0e1   Thumb Code    22  printfa.o(i.__0printf)
    __1printf                                0x0801c0e1   Thumb Code     0  printfa.o(i.__0printf)
    __2printf                                0x0801c0e1   Thumb Code     0  printfa.o(i.__0printf)
    __c89printf                              0x0801c0e1   Thumb Code     0  printfa.o(i.__0printf)
    printf                                   0x0801c0e1   Thumb Code     0  printfa.o(i.__0printf)
    __0sprintf                               0x0801c101   Thumb Code    34  printfa.o(i.__0sprintf)
    __1sprintf                               0x0801c101   Thumb Code     0  printfa.o(i.__0sprintf)
    __2sprintf                               0x0801c101   Thumb Code     0  printfa.o(i.__0sprintf)
    __c89sprintf                             0x0801c101   Thumb Code     0  printfa.o(i.__0sprintf)
    sprintf                                  0x0801c101   Thumb Code     0  printfa.o(i.__0sprintf)
    __ARM_fpclassify                         0x0801c129   Thumb Code    40  fpclassify.o(i.__ARM_fpclassify)
    __ARM_fpclassifyf                        0x0801c151   Thumb Code    38  fpclassifyf.o(i.__ARM_fpclassifyf)
    __ieee754_rem_pio2                       0x0801c179   Thumb Code   828  rred.o(i.__ieee754_rem_pio2)
    __kernel_cos                             0x0801c501   Thumb Code   230  cos_i.o(i.__kernel_cos)
    __kernel_poly                            0x0801c5fd   Thumb Code   170  poly.o(i.__kernel_poly)
    __kernel_sin                             0x0801c6a9   Thumb Code   224  sin_i.o(i.__kernel_sin)
    __kernel_tan                             0x0801c795   Thumb Code   586  tan_i.o(i.__kernel_tan)
    __mathlib_dbl_infnan                     0x0801ca11   Thumb Code     6  dunder.o(i.__mathlib_dbl_infnan)
    __mathlib_dbl_invalid                    0x0801ca17   Thumb Code    12  dunder.o(i.__mathlib_dbl_invalid)
    __mathlib_dbl_underflow                  0x0801ca25   Thumb Code    10  dunder.o(i.__mathlib_dbl_underflow)
    __mathlib_flt_infnan2                    0x0801ca35   Thumb Code     4  funder.o(i.__mathlib_flt_infnan2)
    __mathlib_flt_underflow                  0x0801ca39   Thumb Code    10  funder.o(i.__mathlib_flt_underflow)
    __scatterload_copy                       0x0801ca43   Thumb Code    14  handlers.o(i.__scatterload_copy)
    __scatterload_null                       0x0801ca51   Thumb Code     2  handlers.o(i.__scatterload_null)
    __scatterload_zeroinit                   0x0801ca53   Thumb Code    14  handlers.o(i.__scatterload_zeroinit)
    __set_errno                              0x0801ca61   Thumb Code     6  errno.o(i.__set_errno)
    _is_digit                                0x0801cbf1   Thumb Code    14  scanf_fp.o(i._is_digit)
    acos                                     0x0801d339   Thumb Code   574  acos.o(i.acos)
    asin                                     0x0801d5b5   Thumb Code   572  asin.o(i.asin)
    atan2f                                   0x0801d825   Thumb Code   528  atan2f.o(i.atan2f)
    cos                                      0x0801da81   Thumb Code   148  cos.o(i.cos)
    sin                                      0x0801db1d   Thumb Code   150  sin.o(i.sin)
    sqrt                                     0x0801dbbd   Thumb Code    76  sqrt.o(i.sqrt)
    sqrtf                                    0x0801dc09   Thumb Code    44  sqrtf.o(i.sqrtf)
    tan                                      0x0801dc35   Thumb Code    90  tan.o(i.tan)
    adc_map                                  0x0801dc98   Data           6  input.o(.constdata)
    crc8tab                                  0x0801dc9e   Data         256  crsf.o(.constdata)
    crsf_id                                  0x0801dd9e   Data          15  crsf.o(.constdata)
    input_map_index                          0x0801ddad   Data         210  channel.o(.constdata)
    output_map_index                         0x0801de7f   Data         360  output.o(.constdata)
    color8_index                             0x0801dfe8   Data         136  xui.o(.constdata)
    suoyin                                   0x0801e070   Data         512  xui.o(.constdata)
    ascii_1206                               0x0801e270   Data        1140  xui.o(.constdata)
    ascii_1608                               0x0801e6e4   Data        1520  xui.o(.constdata)
    ascii_2412                               0x0801ecd4   Data        4560  xui.o(.constdata)
    ascii_3216                               0x0801fea4   Data        6080  xui.o(.constdata)
    tfont12                                  0x08021664   Data        4030  xui.o(.constdata)
    tfont16                                  0x08022622   Data         680  xui.o(.constdata)
    tfont24                                  0x080228ca   Data           3  xui.o(.constdata)
    tfont32                                  0x080228cd   Data           3  xui.o(.constdata)
    xx                                       0x080228d0   Data          44  xui.o(.constdata)
    yy                                       0x080228fc   Data          44  xui.o(.constdata)
    zz                                       0x08022928   Data          44  xui.o(.constdata)
    ss                                       0x08022954   Data          44  xui.o(.constdata)
    ee                                       0x08022980   Data          44  xui.o(.constdata)
    asc2_0608                                0x080229ac   Data         570  xui.o(.constdata)
    sw_icon1                                 0x08022be6   Data           8  desk.o(.constdata)
    sw_icon2                                 0x08022bee   Data           8  desk.o(.constdata)
    sw_icon3                                 0x08022bf6   Data           8  desk.o(.constdata)
    elrs_speed                               0x08022bfe   Data          88  data.o(.constdata)
    elrs_power                               0x08022c56   Data          72  data.o(.constdata)
    elrs_tlm_index                           0x08022c9e   Data          55  data.o(.constdata)
    work_icon                                0x08022cd5   Data         128  setup.o(.constdata)
    input_icon                               0x08022d55   Data         128  setup.o(.constdata)
    model_icon                               0x08022dd5   Data         128  setup.o(.constdata)
    output_icon                              0x08022e55   Data         128  setup.o(.constdata)
    logic_icon                               0x08022ed5   Data         128  setup.o(.constdata)
    setup_icon                               0x08022f55   Data         128  setup.o(.constdata)
    adjust_icon                              0x08022fd5   Data         128  setup.o(.constdata)
    version_icon                             0x08023055   Data         128  setup.o(.constdata)
    ui_battery_icon                          0x080230d5   Data          64  setup.o(.constdata)
    download_icon                            0x08023115   Data          32  setup.o(.constdata)
    ui_setup_index                           0x08023135   Data          64  setup.o(.constdata)
    setup_index1                             0x08023175   Data         104  setup.o(.constdata)
    setup_index2                             0x080231dd   Data         104  setup.o(.constdata)
    elrs_setup_speed                         0x08023245   Data          55  setup.o(.constdata)
    elrs_setup_power                         0x0802327c   Data          45  setup.o(.constdata)
    elrs_setup_tlm                           0x080232a9   Data          55  setup.o(.constdata)
    theme_index                              0x080232e0   Data          18  setup.o(.constdata)
    desk_index                               0x080232f2   Data          35  setup.o(.constdata)
    mixer_index                              0x08023315   Data          28  mixer.o(.constdata)
    mixer_src_index                          0x08023331   Data         280  mixer.o(.constdata)
    logic_condtion_index                     0x08023449   Data          60  logic.o(.constdata)
    logic_source_index                       0x08023485   Data         196  logic.o(.constdata)
    model_select_index                       0x08023549   Data          32  model.o(.constdata)
    model_index1                             0x08023569   Data          32  model.o(.constdata)
    model_index2                             0x08023589   Data          24  model.o(.constdata)
    beep_freq_map                            0x080236a2   Data          42  pwm.o(.constdata)
    USB_DeviceDescriptor                     0x080238cc   Data          18  usbdesc.o(.constdata)
    HID_ReportDescriptor                     0x080238de   Data         173  usbdesc.o(.constdata)
    HID_ReportDescriptor_222222              0x0802398b   Data          95  usbdesc.o(.constdata)
    HID_ReportDescSize                       0x080239ea   Data           2  usbdesc.o(.constdata)
    USB_ConfigDescriptor                     0x080239ec   Data          35  usbdesc.o(.constdata)
    USB_StringDescriptor                     0x08023a0f   Data         100  usbdesc.o(.constdata)
    USB_P_EP                                 0x08023a74   Data          64  usbuser.o(.constdata)
    __ctype_categories                       0x08023cd8   Data          64  ctype_c.o(.constdata)
    Region$$Table$$Base                      0x08023f0c   Number         0  anon$$obj.o(Region$$Table)
    Region$$Table$$Limit                     0x08023f2c   Number         0  anon$$obj.o(Region$$Table)
    ui_1hz                                   0x20000000   Data           1  main.o(.data)
    ui_10hz                                  0x20000001   Data           1  main.o(.data)
    ui_20hz                                  0x20000002   Data           1  main.o(.data)
    ui_100hz                                 0x20000003   Data           1  main.o(.data)
    tsk_1hz                                  0x20000004   Data           1  main.o(.data)
    tsk_10hz                                 0x20000005   Data           1  main.o(.data)
    tsk_20hz                                 0x20000006   Data           1  main.o(.data)
    tsk_100hz                                0x20000007   Data           1  main.o(.data)
    time3                                    0x20000008   Data           1  main.o(.data)
    time1                                    0x20000009   Data           1  main.o(.data)
    second                                   0x2000000c   Data           4  main.o(.data)
    battery                                  0x20000010   Data           2  main.o(.data)
    time_10ms                                0x20000014   Data           4  main.o(.data)
    time_use1                                0x20000018   Data           1  main.o(.data)
    time_10ms2                               0x2000001c   Data           4  main.o(.data)
    time_use2                                0x20000020   Data           1  main.o(.data)
    time_10ms3                               0x20000024   Data           4  main.o(.data)
    time_use3                                0x20000028   Data           1  main.o(.data)
    time_100ms                               0x2000002c   Data           4  main.o(.data)
    hardware_id                              0x20000030   Data           4  main.o(.data)
    ppm_connected                            0x20000034   Data           1  main.o(.data)
    sbus_connected                           0x20000035   Data           1  main.o(.data)
    elrs_connected                           0x20000036   Data           1  main.o(.data)
    elrs_back_connected                      0x20000037   Data           1  main.o(.data)
    led_time                                 0x20000038   Data           1  main.o(.data)
    led_time0                                0x20000039   Data           1  main.o(.data)
    led_enable                               0x2000003a   Data           1  main.o(.data)
    admin                                    0x2000003b   Data           1  main.o(.data)
    adc_enable                               0x2000003c   Data           1  main.o(.data)
    input_type                               0x2000003d   Data           1  main.o(.data)
    beep_flag                                0x2000003e   Data           1  main.o(.data)
    usb_flag                                 0x2000003f   Data           1  main.o(.data)
    out_mode_temp                            0x20000040   Data           1  main.o(.data)
    beep_enable                              0x20000041   Data           1  main.o(.data)
    bat_vol                                  0x20000042   Data           2  main.o(.data)
    UP                                       0x20000044   Data           1  main.o(.data)
    DOWN                                     0x20000045   Data           1  main.o(.data)
    LEFT                                     0x20000046   Data           1  main.o(.data)
    RIGHT                                    0x20000047   Data           1  main.o(.data)
    ESC                                      0x20000048   Data           1  main.o(.data)
    OK                                       0x20000049   Data           1  main.o(.data)
    ESC_release                              0x2000004a   Data           1  main.o(.data)
    OK_release                               0x2000004b   Data           1  main.o(.data)
    fps                                      0x2000004c   Data           1  main.o(.data)
    fps_temp                                 0x2000004d   Data           1  main.o(.data)
    first_splash                             0x2000004e   Data           1  main.o(.data)
    ui_flag                                  0x2000004f   Data           4  main.o(.data)
    ui_current                               0x20000053   Data           1  main.o(.data)
    ui_menu_edit                             0x20000054   Data           1  main.o(.data)
    ui_menu_flag                             0x20000055   Data           1  main.o(.data)
    ui_select_flag                           0x20000056   Data           1  main.o(.data)
    PC                                       0x20000057   Data           1  main.o(.data)
    BC                                       0x20000058   Data           1  main.o(.data)
    RC                                       0x20000059   Data           1  main.o(.data)
    SC                                       0x2000005a   Data           1  main.o(.data)
    FC                                       0x2000005b   Data           1  main.o(.data)
    theme                                    0x2000005c   Data           1  main.o(.data)
    save_flag                                0x2000005d   Data           1  main.o(.data)
    save_time                                0x2000005e   Data           1  main.o(.data)
    bkg_type                                 0x2000005f   Data           1  main.o(.data)
    lcd_dir                                  0x20000060   Data           1  main.o(.data)
    lcd_mirror                               0x20000061   Data           1  main.o(.data)
    usart2_function                          0x20000062   Data           1  main.o(.data)
    mavlink_buad                             0x20000064   Data           2  main.o(.data)
    out_mode                                 0x20000066   Data           1  main.o(.data)
    ch_map                                   0x20000067   Data          16  main.o(.data)
    ch_min                                   0x20000078   Data          32  main.o(.data)
    ch_max                                   0x20000098   Data          32  main.o(.data)
    CH_input                                 0x200000b8   Data          32  main.o(.data)
    CH_out                                   0x200000d8   Data          32  main.o(.data)
    output_map                               0x200000f8   Data          16  main.o(.data)
    output_max                               0x20000108   Data          16  main.o(.data)
    output_min                               0x20000118   Data          16  main.o(.data)
    tele_flag                                0x20000128   Data           1  main.o(.data)
    hud_roll                                 0x2000012a   Data           2  main.o(.data)
    hud_pitch                                0x2000012c   Data           2  main.o(.data)
    hud_yaw                                  0x2000012e   Data           2  main.o(.data)
    hud_alt                                  0x20000130   Data           2  main.o(.data)
    hud_groundspeed                          0x20000132   Data           2  main.o(.data)
    hud_airspeed                             0x20000134   Data           2  main.o(.data)
    hud_gps                                  0x20000136   Data           1  main.o(.data)
    hud_bat                                  0x20000138   Data           2  main.o(.data)
    hud_cur                                  0x2000013a   Data           2  main.o(.data)
    hud_signal                               0x2000013c   Data           1  main.o(.data)
    hud_lantitude                            0x20000140   Data           4  main.o(.data)
    hud_longitude                            0x20000144   Data           4  main.o(.data)
    hud_data_type                            0x20000148   Data           1  main.o(.data)
    gyro_connected                           0x20000149   Data           1  main.o(.data)
    tx_signal                                0x2000014a   Data           1  main.o(.data)
    rx_signal                                0x2000014b   Data           1  main.o(.data)
    mavlink_flag                             0x2000014c   Data           1  main.o(.data)
    mavlink_connected                        0x2000014d   Data           1  main.o(.data)
    Ax                                       0x2000014e   Data           2  main.o(.data)
    Ay                                       0x20000150   Data           2  main.o(.data)
    Az                                       0x20000152   Data           2  main.o(.data)
    mavlink_enable                           0x20000154   Data           1  main.o(.data)
    ips_type                                 0x20000155   Data           1  main.o(.data)
    adc_mid                                  0x20000158   Data          16  input.o(.data)
    adc_max                                  0x20000168   Data          16  input.o(.data)
    bat_adc                                  0x20000178   Data           2  input.o(.data)
    bat_sum                                  0x2000017c   Data           4  input.o(.data)
    bat_n                                    0x20000180   Data           1  input.o(.data)
    flag1                                    0x20000181   Data           1  input.o(.data)
    flag2                                    0x20000182   Data           1  input.o(.data)
    count1                                   0x20000183   Data           1  input.o(.data)
    count2                                   0x20000184   Data           1  input.o(.data)
    remote_ctrl                              0x20000185   Data           1  input.o(.data)
    sbus_sta                                 0x20000186   Data           1  sbus.o(.data)
    sbus_status                              0x20000187   Data           1  sbus.o(.data)
    CRSF_package                             0x20000188   Data          26  crsf.o(.data)
    crsf_tx                                  0x200001a2   Data           1  crsf.o(.data)
    param_buf                                0x200001a3   Data           8  crsf.o(.data)
    crsf_param_flag                          0x200001ab   Data           1  crsf.o(.data)
    crsf_param_buf                           0x200001ac   Data           1  crsf.o(.data)
    elrs_param                               0x200001ad   Data           1  crsf.o(.data)
    elrs_value                               0x200001ae   Data           1  crsf.o(.data)
    crsf_pitch                               0x200001b0   Data           2  crsf.o(.data)
    crsf_roll                                0x200001b2   Data           2  crsf.o(.data)
    crsf_yaw                                 0x200001b4   Data           2  crsf.o(.data)
    crsf_bat                                 0x200001b6   Data           2  crsf.o(.data)
    crsf_cur                                 0x200001b8   Data           2  crsf.o(.data)
    crsf_capacity                            0x200001ba   Data           2  crsf.o(.data)
    crsf_remaining                           0x200001bc   Data           1  crsf.o(.data)
    crsf_flight_mode                         0x200001bd   Data           1  crsf.o(.data)
    crsf_latitude                            0x200001c0   Data           4  crsf.o(.data)
    crsf_longitude                           0x200001c4   Data           4  crsf.o(.data)
    crsf_ground_speed                        0x200001c8   Data           2  crsf.o(.data)
    crsf_heading                             0x200001ca   Data           2  crsf.o(.data)
    crsf_altitude                            0x200001cc   Data           2  crsf.o(.data)
    crsf_satellites                          0x200001ce   Data           1  crsf.o(.data)
    crsf_vertical_speed                      0x200001d0   Data           2  crsf.o(.data)
    crsf_baro_altitude                       0x200001d2   Data           2  crsf.o(.data)
    crsf_rx_rssi_perc                        0x200001d4   Data           1  crsf.o(.data)
    crsf_tx_rf_power                         0x200001d5   Data           1  crsf.o(.data)
    crsf_tx_rssi_perc                        0x200001d6   Data           1  crsf.o(.data)
    crsf_rx_rf_power                         0x200001d7   Data           1  crsf.o(.data)
    crsf_tx_fps                              0x200001d8   Data           1  crsf.o(.data)
    crsf_tx_rssi                             0x200001d9   Data           1  crsf.o(.data)
    crsf_rx_rssi                             0x200001da   Data           1  crsf.o(.data)
    crsf_tx_lq                               0x200001db   Data           1  crsf.o(.data)
    crsf_rx_lq                               0x200001dc   Data           1  crsf.o(.data)
    elrs_rate                                0x200001dd   Data           1  crsf.o(.data)
    elrs_pwr                                 0x200001de   Data           1  crsf.o(.data)
    crsf_update_interval                     0x200001e0   Data           4  crsf.o(.data)
    crsf_offset                              0x200001e4   Data           4  crsf.o(.data)
    USART3_RX_STA                            0x200001e8   Data           2  crsf.o(.data)
    CRSF_start                               0x200001ea   Data           1  crsf.o(.data)
    CRSF_TLM_flag                            0x200001eb   Data           1  crsf.o(.data)
    crsf_len                                 0x200001ec   Data           1  crsf.o(.data)
    elrs_tlm                                 0x200001ed   Data           1  crsf.o(.data)
    ppm_sta                                  0x200001ee   Data           1  ppm.o(.data)
    ppm_status                               0x200001ef   Data           1  ppm.o(.data)
    ppm_sum                                  0x200001f0   Data           2  ppm.o(.data)
    ppm_count                                0x200001f2   Data           1  ppm.o(.data)
    menu_y                                   0x200001f3   Data           1  channel.o(.data)
    py                                       0x200001f4   Data           1  channel.o(.data)
    px                                       0x200001f5   Data           1  channel.o(.data)
    menu_len                                 0x200001f6   Data           1  channel.o(.data)
    param_edit                               0x200001f7   Data           1  channel.o(.data)
    x_offset                                 0x200001f8   Data           2  xui.o(.data)
    y_offset                                 0x200001fa   Data           2  xui.o(.data)
    model_name                               0x200001fe   Data          16  desk.o(.data)
    str_t                                    0x2000020e   Data           1  desk.o(.data)
    dir                                      0x2000020f   Data           1  desk.o(.data)
    pixel                                    0x20000210   Data           2  desk.o(.data)
    ui_setup_icon                            0x20000214   Data          32  setup.o(.data)
    step                                     0x20000234   Data           2  setup.o(.data)
    boot_menu                                0x20000236   Data           1  setup.o(.data)
    adjust_t                                 0x20000237   Data           1  setup.o(.data)
    adjust_flag                              0x20000238   Data           1  setup.o(.data)
    adjust_buf                               0x2000023a   Data           8  setup.o(.data)
    mix_value                                0x20000242   Data          32  mixer.o(.data)
    mixer_type                               0x20000262   Data           4  mixer.o(.data)
    mixer_in1                                0x20000266   Data           4  mixer.o(.data)
    mixer_in2                                0x2000026a   Data           4  mixer.o(.data)
    mixer_rate                               0x2000026e   Data           8  mixer.o(.data)
    logic_condition                          0x20000276   Data           4  logic.o(.data)
    logic_a                                  0x2000027a   Data           8  logic.o(.data)
    logic_x_value                            0x20000282   Data           8  logic.o(.data)
    logic_x                                  0x2000028a   Data           8  logic.o(.data)
    logic_last_time                          0x20000292   Data           8  logic.o(.data)
    logic_flag                               0x2000029a   Data           4  logic.o(.data)
    logic_status                             0x2000029e   Data           4  logic.o(.data)
    logic_status_temp                        0x200002a2   Data           4  logic.o(.data)
    logic_status_last                        0x200002a6   Data           4  logic.o(.data)
    logic_mode                               0x200002aa   Data           4  logic.o(.data)
    message_time                             0x200002ae   Data           1  system.o(.data)
    jpk                                      0x200002af   Data          48  model.o(.data)
    menu3                                    0x200002df   Data           1  model.o(.data)
    shift                                    0x200002e0   Data           1  model.o(.data)
    model_name_len                           0x200002e1   Data           1  model.o(.data)
    ok_flag                                  0x200002e2   Data           1  model.o(.data)
    esc_flag                                 0x200002e3   Data           1  model.o(.data)
    key_flag                                 0x200002e4   Data           1  model.o(.data)
    key_flag2                                0x200002e5   Data           1  model.o(.data)
    model_current                            0x200002e6   Data           1  model.o(.data)
    sy                                       0x200002e7   Data           1  model.o(.data)
    hud_type                                 0x200002e8   Data           1  hud.o(.data)
    hud_type2                                0x200002e9   Data           1  hud.o(.data)
    x_center                                 0x20000302   Data           2  hud2.o(.data)
    y_center                                 0x20000304   Data           2  hud2.o(.data)
    x_min                                    0x20000306   Data           2  hud2.o(.data)
    y_min                                    0x20000308   Data           2  hud2.o(.data)
    x_max                                    0x2000030a   Data           2  hud2.o(.data)
    y_max                                    0x2000030c   Data           2  hud2.o(.data)
    hud_type3                                0x2000030e   Data           1  hud2.o(.data)
    beep_queue_seq                           0x2000031c   Data           1  pwm.o(.data)
    beep_queue_flag                          0x2000031d   Data           1  pwm.o(.data)
    beep_freq_temp                           0x2000031e   Data           2  pwm.o(.data)
    SystemCoreClock                          0x20000320   Data           4  system_stm32f10x.o(.data)
    AHBPrescTable                            0x20000324   Data          16  system_stm32f10x.o(.data)
    __stdout                                 0x20000334   Data           4  usart.o(.data)
    USART_RX_STA                             0x20000338   Data           2  usart.o(.data)
    control_mode                             0x2000034e   Data           1  open_tel_mavlink.o(.data)
    chan                                     0x2000034f   Data           1  open_tel_mavlink.o(.data)
    tx_request_data_stream                   0x20000350   Data           6  open_tel_mavlink.o(.data)
    pBUF_DSCR                                0x20000358   Data           4  usb_hw.o(.data)
    FreeBufAddr                              0x2000035c   Data           2  usb_hw.o(.data)
    USB_Configuration                        0x20000363   Data           1  usbcore.o(.data)
    SetupPacket                              0x2000036d   Data           8  usbcore.o(.data)
    EP0Data                                  0x20000378   Data           8  usbcore.o(.data)
    param                                    0x20000384   Data          64  main.o(.bss)
    ch_mid                                   0x200003c4   Data          32  main.o(.bss)
    ch_rev                                   0x200003e4   Data          16  main.o(.bss)
    hardware_value                           0x200003f4   Data          20  input.o(.bss)
    adc_min                                  0x20000408   Data          16  input.o(.bss)
    hardware_input                           0x20000418   Data          16  input.o(.bss)
    packet                                   0x20000428   Data          25  sbus.o(.bss)
    sbus_value                               0x20000442   Data          32  sbus.o(.bss)
    sbus_buf                                 0x20000462   Data          25  sbus.o(.bss)
    CRSF_TLM_buf                             0x2000047b   Data          30  crsf.o(.bss)
    CRSF_ID                                  0x20000499   Data          15  crsf.o(.bss)
    CRSF_rate                                0x200004a8   Data          15  crsf.o(.bss)
    CRSF_rate_temp                           0x200004b7   Data          15  crsf.o(.bss)
    ppm_value                                0x200004c6   Data          16  ppm.o(.bss)
    gram                                     0x200004d6   Data       12800  xui.o(.bss)
    sendbuf                                  0x200036d6   Data          13  usb.o(.bss)
    logic_current_time                       0x200036e4   Data          16  logic.o(.bss)
    num_temp                                 0x200036f4   Data          16  system.o(.bss)
    message_str                              0x20003704   Data          32  system.o(.bss)
    beep_queue_index                         0x20003b94   Data          80  pwm.o(.bss)
    heartbeat                                0x20003be8   Data          12  open_tel_mavlink.o(.bss)
    attitude                                 0x20003bf4   Data          28  open_tel_mavlink.o(.bss)
    position                                 0x20003c10   Data          28  open_tel_mavlink.o(.bss)
    GPS_raw                                  0x20003c30   Data          32  open_tel_mavlink.o(.bss)
    rx_vfr_hud                               0x20003c50   Data          20  open_tel_mavlink.o(.bss)
    rx_sys_status                            0x20003c64   Data          32  open_tel_mavlink.o(.bss)
    uart_rx_fifo                             0x20004144   Data          12  mavlink_usart_fifo.o(.bss)
    uart_tx_fifo                             0x20004150   Data          12  mavlink_usart_fifo.o(.bss)
    uart_tx_buf                              0x2000415c   Data         200  mavlink_usart_fifo.o(.bss)
    uart_rx_buf                              0x20004224   Data         200  mavlink_usart_fifo.o(.bss)
    mavlink_system                           0x200042ec   Data           9  mavlink_usart_fifo.o(.bss)
    EP0Buf                                   0x20004766   Data          16  usbcore.o(.bss)
    __initial_sp                             0x20004f88   Data           0  startup_stm32f10x_hd.o(STACK)



==============================================================================

Image component sizes


      Code (inc. data)   RO Data    RW Data    ZI Data      Debug   Object Name

       204         12          0          0          0        723   adc.o
      2376        210        210          5          0       2443   channel.o
      2048        298        271        102         75       6464   crsf.o
      3872        570        215          0          0       2151   data.o
       212         18          0          4          0        963   delay.o
      7228        778         24         20          0       4966   desk.o
       128         18          0          0          0        480   gpio.o
      8348        354          0         26          0       6937   hud.o
      5408        252          0         22          0       4497   hud2.o
      2276        236          6         46         52       3839   input.o
       964         28          0          0          0       2576   ips.o
      5052        438        256         56         16       8004   logic.o
      1932        320          0        342        112     274893   main.o
      7540        576        256          0       1136      20803   mavlink.o
      4020         62        256          0       1570      12834   mavlink_usart_fifo.o
       220         22          0          0          0       1721   misc.o
      3260        280        308         52          0       3395   mixer.o
      4492        374         88         57          0       5029   model.o
       732         12          0          0          0       3797   mpu6050.o
      4520         90        256          8       1370      37572   open_tel_mavlink.o
      2496        274        360          0          0       2502   output.o
       428         16          0          5         16       1808   ppm.o
       684         46         42          4         80       2867   pwm.o
       732         38          0          2         83     214200   sbus.o
     11296       1044       1600         46          0       8336   setup.o
       144         10          0          0          0        520   spi.o
        36          8        304          0       2064        752   startup_stm32f10x_hd.o
      1102         26          0          0          0      10961   stm32f10x_adc.o
      1468         34          0          0          0       8126   stm32f10x_flash.o
       860         38          0          0          0       5653   stm32f10x_gpio.o
        26          0          0          0          0       1138   stm32f10x_it.o
       932         36          0         20          0       8788   stm32f10x_rcc.o
       780         14          0          0          0       6534   stm32f10x_spi.o
      3610         88          0          0          0      22760   stm32f10x_tim.o
      1032         22          0          0          0       8376   stm32f10x_usart.o
       356          4          0          0          0       2625   stmflash.o
         0          0          0          0          0         32   sys.o
      5100        782          0          1         48       6654   system.o
       480         38          0         20          0       1679   system_stm32f10x.o
       256         10          0          0          0       1252   timer.o
      2724        196          0          0          0       1206   tool.o
       192         10          0          6          0       2828   usart.o
       344         18          0          0          0       1042   usart3.o
       368         10          0          0         13       1115   usb.o
      1096         50          0          6          0       6769   usb_hw.o
      2424        634        499         32         16       5873   usbcore.o
         0          0        423          0          0       1045   usbdesc.o
        26          0         64          0          0       1227   usbuser.o
      6046        134      19454          5      12800      18698   xui.o

    ----------------------------------------------------------------------
    109878       8528      24932        896      19460     759453   Object Totals
         0          0         32          0          0          0   (incl. Generated)
         8          0          8          9          9          0   (incl. Padding)

    ----------------------------------------------------------------------

      Code (inc. data)   RO Data    RW Data    ZI Data      Debug   Library Member Name

       636         62         80          0          0        188   acos.o
       624         52         80          0          0        168   asin.o
       604         76          0          0          0        116   atan2f.o
       156          8          0          0          0        104   cos.o
       252         22         48          0          0        124   cos_i.o
        34          6          0          0          0        204   dunder.o
        40          0          0          0          0         68   fpclassify.o
        38          0          0          0          0         68   fpclassifyf.o
        14          0          0          0          0        136   funder.o
       170          0          0          0          0         96   poly.o
       904         76        200          0          0        140   rred.o
       160         10          0          0          0        108   sin.o
       236         12         40          0          0        128   sin_i.o
        76          0          0          0          0         84   sqrt.o
        44          0          0          0          0         80   sqrtf.o
       100         10          0          0          0         96   tan.o
       636         50         96          0          0        168   tan_i.o
        56          8          0          0          0         84   __0sscanf.o
        86          0          0          0          0          0   __dczerorl2.o
       812          4          0          0          0        112   _scanf.o
        64          0          0          0          0         84   _sgetc.o
        40          6         64          0          0         68   ctype_c.o
         0          0          0          0          0          0   entry.o
         0          0          0          0          0          0   entry10a.o
         0          0          0          0          0          0   entry11a.o
         8          4          0          0          0          0   entry2.o
         4          0          0          0          0          0   entry5.o
         0          0          0          0          0          0   entry7b.o
         0          0          0          0          0          0   entry8b.o
         8          4          0          0          0          0   entry9a.o
        12          6          0          4          0         68   errno.o
        30          0          0          0          0          0   handlers.o
        36          8          0          0          0         68   init.o
        10          0          0          0          0         68   isspace_c.o
         0          0          0          0          0          0   iusefp.o
        30          0          0          0          0         68   llshl.o
        36          0          0          0          0         68   llsshr.o
        32          0          0          0          0         68   llushr.o
        36          0          0          0          0         68   memcpya.o
        36          0          0          0          0        108   memseta.o
      2308         96          0          0          0        604   printfa.o
        40          8          0          0          0         84   scanf_char.o
       878         12          0          0          0        216   scanf_fp.o
        18          0          0          0          0         68   strcpy.o
        14          0          0          0          0         68   strlen.o
        44          0          0          0          0         80   uidiv.o
        98          0          0          0          0         92   uldiv.o
        48          0          0          0          0         68   cdrcmple.o
        20          0          0          0          0         68   cfcmple.o
        20          0          0          0          0         68   cfrcmple.o
        56          0          0          0          0         88   d2f.o
       334          0          0          0          0        148   dadd.o
       222          0          0          0          0        100   ddiv.o
       186          0          0          0          0        176   depilogue.o
        62          0          0          0          0         80   dfixi.o
        50          0          0          0          0         76   dfixui.o
        48          0          0          0          0         68   dfixul.o
        34          0          0          0          0         76   dflti.o
        26          0          0          0          0         76   dfltui.o
        24          0          0          0          0         76   dfltul.o
       228          0          0          0          0         96   dmul.o
        46          0          0          0          0         80   dscalb.o
       162          0          0          0          0        100   dsqrt.o
        38          0          0          0          0         68   f2d.o
       176          0          0          0          0        140   fadd.o
       124          0          0          0          0         88   fdiv.o
       110          0          0          0          0        168   fepilogue.o
        50          0          0          0          0         68   ffixi.o
        40          0          0          0          0         68   ffixui.o
        18          0          0          0          0         68   fflti.o
        10          0          0          0          0         68   ffltui.o
       100          0          0          0          0         76   fmul.o
        24          0          0          0          0         68   fscalb.o
        94          0          0          0          0         96   fsqrt.o

    ----------------------------------------------------------------------
     11826        540        608          4          0       6640   Library Totals
        16          0          0          0          0          0   (incl. Padding)

    ----------------------------------------------------------------------

      Code (inc. data)   RO Data    RW Data    ZI Data      Debug   Library Name

      4724        384        544          0          0       2076   m_ws.l
      4736        156         64          4          0       2144   mc_w.l
      2350          0          0          0          0       2420   mf_w.l

    ----------------------------------------------------------------------
     11826        540        608          4          0       6640   Library Totals

    ----------------------------------------------------------------------

==============================================================================


      Code (inc. data)   RO Data    RW Data    ZI Data      Debug   

    121704       9068      25540        900      19460     758525   Grand Totals
    121704       9068      25540        244      19460     758525   ELF Image Totals (compressed)
    121704       9068      25540        244          0          0   ROM Totals

==============================================================================

    Total RO  Size (Code + RO Data)               147244 ( 143.79kB)
    Total RW  Size (RW Data + ZI Data)             20360 (  19.88kB)
    Total ROM Size (Code + RO Data + RW Data)     147488 ( 144.03kB)

==============================================================================

